   Creating an optimized production build ...
npx : [baseline-browse
r-mapping] The data 
in this module is 
over two months old.  
To ensure accurate 
Baseline data, please 
update: `npm i baselin
e-browser-mapping@late
st -D`
En línea: 1 Carácter: 
1
+ npx next build > 
build_output.txt 2>&1
+ ~~~~~~~~~~~~~~~~~~~~
~~~~~~~~~~~~~~~~~~
    + CategoryInfo    
          : NotSpeci  
  fied: ([baseline-   
 brows...ping@late    
st -D`:String) []    
, RemoteException
    + FullyQualifiedE 
   rrorId : NativeCo  
  mmandError
 
 Ô£ô Compiled successfully
   Linting and checking validity of types ...
   Collecting page data ...
 ÔÜá Using edge 
runtime on a page 
currently disables 
static generation for 
that page
   Generating static pages (0/21) ...

   Generating static pages (5/21) 
 ÔÜá Entire page 
/reset-password 
deopted into 
client-side 
rendering. https://nex
tjs.org/docs/messages/
deopted-into-client-re
ndering 
/reset-password

   Generating static pages (10/21) 

   Generating static pages (15/21) 

 Ô£ô Generating static pages (21/21) 
   Finalizing page optimization ...
   Collecting build traces ...

Route (app)                              Size     First Load JS
Ôöî Ôùï /                                    678 B           136 kB
Ôö£ Ôùï /_not-found                          880 B          84.7 kB
Ôö£ ╬╗ /api/auth-custom/login               0 B                0 B
Ôö£ Ôäç /api/health                          0 B                0 B
Ôö£ ╬╗ /api/login                           0 B                0 B
Ôö£ ╬╗ /api/logout                          0 B                0 B
Ôö£ Ôùï /api/ping                            0 B                0 B
Ôö£ ╬╗ /api/students                        0 B                0 B
Ôö£ ╬╗ /api/students/[id]                   0 B                0 B
Ôö£ ╬╗ /api/test-db                         0 B                0 B
Ôö£ ╬╗ /api/test-prisma                     0 B                0 B
Ôö£ ╬╗ /api/test-simple                     0 B                0 B
Ôö£ ╬╗ /api/upload                          0 B                0 B
Ôö£ ╬╗ /books                               2.89 kB         135 kB
Ôö£ ╬╗ /books/[id]                          3.33 kB        94.5 kB
Ôö£ ╬╗ /books/[id]/edit                     401 B          96.1 kB
Ôö£ ╬╗ /books/new                           188 B          95.9 kB
Ôö£ ╬╗ /dashboard                           1.41 kB         137 kB
Ôö£ Ôùï /forgot-password                     1.51 kB        92.7 kB
Ôö£ ╬╗ /login                               1.66 kB        92.9 kB
Ôö£ Ôùï /register                            1.63 kB        92.8 kB
Ôö£ Ôùï /reset-password                      1.81 kB          93 kB
Ôö£ ╬╗ /students/[id]                       19.5 kB         152 kB
Ôö£ ╬╗ /students/[id]/edit                  3.92 kB        95.1 kB
Ôöö Ôùï /students/new                        3.58 kB        94.8 kB
+ First Load JS shared by all            83.8 kB
  Ôö£ chunks/290-04a047e393cdf1da.js       28.1 kB
  Ôö£ chunks/bf6a786c-d72646f643e12cbb.js  53.7 kB
  Ôö£ chunks/main-app-6d5e3958e4706ba6.js  232 B
  Ôöö chunks/webpack-5ad6fba23dbae66e.js   1.79 kB


ãÆ Middleware                             37.5 kB

Ôäç  (Streaming)  server-side renders with streaming (uses React 18 SSR streaming or Server Components)
╬╗  (Server)     server-side renders at runtime (uses getInitialProps or getServerSideProps)
Ôùï  (Static)     automatically rendered as static HTML (uses no initial props)

